buzztalkd starting
  relay:   ws://localhost:3000
  channel: ef319be4-4b42-44b2-a7b5-d379f03149b3
  --simulate: feeding /Users/michaelrobinson/.buzztalk/models/parakeet-tdt-ctc-110m-en/test_wavs/0.wav as microphone input

buzztalk-buzz: connected to ws://localhost:3000
buzztalk-buzz: authenticated as 5c8498693d454579ccd7fc9af8c2fb41607d1d742e6bc5a2d3e77e197e4d2e74
capabilities: full duplex: your voice will be transcribed and the agent's replies will be spoken

[caps]    full duplex: your voice will be transcribed and the agent's replies will be spoken
[state]   Listening
[state]   UserSpeaking
[partial] Well
[partial] Well, I don't
[partial] Well, I don't wish to
[partial] Well, I don't wish to see it.
[partial] Well, I don't wish to see it anymore.
[partial] Well, I don't wish to see it anymore about
[partial] Well I don't wish to see it anymore, observed.
[partial] Well, I don't wish to see it anymore, observed Phoebe.
[state]   Finalizing
[final]   Well, I don't wish to see it any more, observed Phoebe
[state]   AwaitingAgent
[state]   Submitting
[agent]   That sounds like Hawthorne, Phoebe from The House of the Seven Gables. Is there something you'd like me to do with it?
[state]   AgentSpeaking
[state]   Listening
[metrics] end-of-speech -> final transcript: 202.8 ms   barge-in -> playback silent: n/a

buzztalkd stopping
[state]   Idle
